[INFO] [1790930056.289178249] [nav_trial_recorder]: Recorder ready. Click the fixed-goal button in RViz ONCE.
[INFO] [1790930101.210244399] [nav_trial_recorder]: Goal received: [14.1, 14.1], initial pose: [0.9 0.9]
[INFO] [1790930101.241652647] [nav_trial_recorder]: Progress: t=0.0s xy=[0.9 0.9] goal_error=18.668m
[INFO] [1790930111.257317304] [nav_trial_recorder]: Progress: t=10.0s xy=[4.00095125 2.60119247] goal_error=15.304m
[INFO] [1790930121.440256352] [nav_trial_recorder]: Progress: t=20.2s xy=[8.66275084 1.04871381] goal_error=14.139m
[INFO] [1790930131.477387663] [nav_trial_recorder]: Progress: t=30.3s xy=[10.75659532  5.0918049 ] goal_error=9.609m
[INFO] [1790930141.662181676] [nav_trial_recorder]: Progress: t=40.5s xy=[10.23165466  7.45350228] goal_error=7.690m
[INFO] [1790930151.865561279] [nav_trial_recorder]: Progress: t=50.7s xy=[7.17067405 4.1678956 ] goal_error=12.110m
[INFO] [1790930162.041199966] [nav_trial_recorder]: Progress: t=60.8s xy=[4.36988431 7.77093871] goal_error=11.607m
[INFO] [1790930172.041303650] [nav_trial_recorder]: Progress: t=70.8s xy=[ 7.19211623 10.74184316] goal_error=7.681m
[INFO] [1790930182.241833005] [nav_trial_recorder]: Progress: t=81.0s xy=[ 9.1335809  11.85158965] goal_error=5.452m
[INFO] [1790930192.440689490] [nav_trial_recorder]: Progress: t=91.2s xy=[12.5417352  12.89430078] goal_error=1.970m
[INFO] [1790930198.563114707] [nav_trial_recorder]: Action SUCCEEDED after 97.353 seconds.
[INFO] [1790930202.441052784] [nav_trial_recorder]: Progress: t=101.2s xy=[14.08858528 14.10306215] goal_error=0.012m
{
  "label": "MPC with smoothed A*",
  "result": "PASS",
  "reason": "action_completed",
  "trigger": "rviz_click",
  "goal_messages": 1,
  "action_status": 4,
  "start_xy": [
    0.9,
    0.9
  ],
  "goal_xy": [
    14.1,
    14.1
  ],
  "final_xy": [
    14.088539678181924,
    14.103184231122535
  ],
  "action_time_s": 97.35329882700171,
  "final_error_m": 0.01189446526816513,
  "final_speed_mps": 0.0004836790202702542,
  "sample_count": 2123,
  "odom_observed_hz": 20.928075716289545,
  "controller_mean_ms": 0.22655528728168384,
  "controller_p95_ms": 0.42071800000000004,
  "controller_max_ms": 1.913745,
  "tracking_rmse_m": 0.08211537733386236,
  "tracking_mean_m": 0.06752888032070328,
  "tracking_p95_m": 0.14981661268321786,
  "tracking_max_m": 0.17306036221979332,
  "raw_path_rmse_m": 0.07731275331528698,
  "minimum_wall_clearance_m": 0.6000000000000001,
  "max_speed_mps": 1.1492062165780543,
  "distance_travelled_m": 51.27020373643398,
  "notes": "Tracking error is point-to-segment distance to the FIRST global path, frozen at goal planning. Wall clearance is centre-to-occupied-pixel distance, not a simulator collision event."
}
