[INFO] [1790933470.837602651] [nav_trial_recorder]: Recorder ready. Click the fixed-goal button in RViz ONCE.
[INFO] [1790933529.021720175] [nav_trial_recorder]: Goal received: [14.1, 14.1], initial pose: [0.9 0.9]
[INFO] [1790933529.223653032] [nav_trial_recorder]: Progress: t=0.2s xy=[0.9 0.9] goal_error=18.668m
[INFO] [1790933539.400324084] [nav_trial_recorder]: Progress: t=10.4s xy=[4.76157761 2.62706518] goal_error=14.793m
[INFO] [1790933549.430616996] [nav_trial_recorder]: Progress: t=20.4s xy=[8.78815832 1.13189366] goal_error=14.014m
[INFO] [1790933559.593302856] [nav_trial_recorder]: Progress: t=30.6s xy=[10.70072788  5.31579545] goal_error=9.419m
[INFO] [1790933569.607667855] [nav_trial_recorder]: Progress: t=40.6s xy=[10.36486895  7.39297058] goal_error=7.677m
[INFO] [1790933579.800476913] [nav_trial_recorder]: Progress: t=50.8s xy=[7.60732139 4.10784849] goal_error=11.916m
[INFO] [1790933589.989943165] [nav_trial_recorder]: Progress: t=61.0s xy=[4.33572779 7.81937475] goal_error=11.610m
[INFO] [1790933599.991141147] [nav_trial_recorder]: Progress: t=71.0s xy=[ 6.49809899 10.89652458] goal_error=8.249m
[INFO] [1790933610.190193648] [nav_trial_recorder]: Progress: t=81.2s xy=[ 9.07135888 11.44742709] goal_error=5.685m
[INFO] [1790933620.190563331] [nav_trial_recorder]: Progress: t=91.2s xy=[12.58513603 13.68576961] goal_error=1.570m
[INFO] [1790933630.189957555] [nav_trial_recorder]: Progress: t=101.2s xy=[14.14651425 14.11694717] goal_error=0.050m
[INFO] [1790933630.423859415] [nav_trial_recorder]: Action SUCCEEDED after 101.403 seconds.
{
  "label": "SAMPLING with smoothed A*",
  "result": "PASS",
  "reason": "action_completed",
  "trigger": "rviz_click",
  "goal_messages": 1,
  "action_status": 4,
  "start_xy": [
    0.9,
    0.9
  ],
  "goal_xy": [
    14.1,
    14.1
  ],
  "final_xy": [
    14.101860699310325,
    14.120906128083773
  ],
  "action_time_s": 101.40289606599981,
  "final_error_m": 0.02098876826730358,
  "final_speed_mps": 0.0009695698679986397,
  "sample_count": 2328,
  "odom_observed_hz": 22.048346881372616,
  "controller_mean_ms": 1.0875272652421095,
  "controller_p95_ms": 1.475746,
  "controller_max_ms": 5.637373,
  "tracking_rmse_m": 0.10554002380664709,
  "tracking_mean_m": 0.08930925278808846,
  "tracking_p95_m": 0.18382007347499474,
  "tracking_max_m": 0.2730053286280571,
  "raw_path_rmse_m": 0.1012003283900313,
  "minimum_wall_clearance_m": 0.55,
  "max_speed_mps": 1.1472092976708572,
  "distance_travelled_m": 51.42611151918331,
  "notes": "Tracking error is point-to-segment distance to the FIRST global path, frozen at goal planning. Wall clearance is centre-to-occupied-pixel distance, not a simulator collision event."
}
