[INFO] [1790927843.724876951] [nav_trial_recorder]: Recorder ready. Click the fixed-goal button in RViz ONCE.
[INFO] [1790927848.672730354] [nav_trial_recorder]: Goal received: [14.1, 14.1], initial pose: [0.9 0.9]
[INFO] [1790927853.693318614] [nav_trial_recorder]: Progress: t=5.0s xy=[2.5540695  1.66645942] goal_error=16.968m
[INFO] [1790927863.708296098] [nav_trial_recorder]: Progress: t=15.0s xy=[6.64090622 0.95944591] goal_error=15.110m
[INFO] [1790927873.894688784] [nav_trial_recorder]: Progress: t=25.2s xy=[10.68856516  3.53836761] goal_error=11.099m
[INFO] [1790927883.909428161] [nav_trial_recorder]: Progress: t=35.2s xy=[11.90069684  7.39272751] goal_error=7.059m
[INFO] [1790927893.911137700] [nav_trial_recorder]: Progress: t=45.2s xy=[8.4615416  4.18269633] goal_error=11.408m
[INFO] [1790927904.071185897] [nav_trial_recorder]: Progress: t=55.4s xy=[5.15217916 7.47821363] goal_error=11.132m
[INFO] [1790927914.081061532] [nav_trial_recorder]: Progress: t=65.4s xy=[ 7.27675583 10.59823788] goal_error=7.669m
[INFO] [1790927924.270703220] [nav_trial_recorder]: Progress: t=75.6s xy=[ 9.38812745 12.35573211] goal_error=5.024m
[INFO] [1790927934.271898605] [nav_trial_recorder]: Progress: t=85.6s xy=[12.671288   12.71885311] goal_error=1.987m
[INFO] [1790927940.277239057] [nav_trial_recorder]: Action SUCCEEDED after 91.605 seconds.
[INFO] [1790927944.472293846] [nav_trial_recorder]: Progress: t=95.8s xy=[14.10593767 14.10288765] goal_error=0.007m
{
  "label": "MPC with smoothed A*",
  "result": "PASS",
  "reason": "action_completed",
  "trigger": "single_topic_message_test",
  "goal_messages": 1,
  "action_status": 4,
  "start_xy": [
    0.9,
    0.9
  ],
  "goal_xy": [
    14.1,
    14.1
  ],
  "final_xy": [
    14.105937672155727,
    14.102887654789937
  ],
  "action_time_s": 91.60517804499978,
  "final_error_m": 0.006602613180760555,
  "final_speed_mps": 0.000262500322089356,
  "sample_count": 2043,
  "odom_observed_hz": 21.32925545355156,
  "controller_mean_ms": 0.19885319964703285,
  "controller_p95_ms": 0.3321159999999999,
  "controller_max_ms": 3.329054,
  "tracking_rmse_m": 0.09062225898360807,
  "tracking_mean_m": 0.07345265133966573,
  "tracking_p95_m": 0.16918594022971628,
  "tracking_max_m": 0.21265894457071527,
  "raw_path_rmse_m": 0.0850674093315483,
  "minimum_wall_clearance_m": 0.55,
  "max_speed_mps": 1.1953843021517447,
  "distance_travelled_m": 51.978921515567336,
  "notes": "Tracking error is point-to-segment distance to the FIRST global path, frozen at goal planning. Wall clearance is centre-to-occupied-pixel distance, not a simulator collision event."
}
