[INFO] [1790937908.108412552] [nav_trial_recorder]: Recorder ready. Click the fixed-goal button in RViz ONCE.
[INFO] [1790937913.056453994] [nav_trial_recorder]: Goal received: [14.1, 14.1], initial pose: [0.9 0.9]
[INFO] [1790937918.055368895] [nav_trial_recorder]: Progress: t=5.0s xy=[2.54378267 1.87946406] goal_error=16.819m
[INFO] [1790937928.303256414] [nav_trial_recorder]: Progress: t=15.2s xy=[7.12788229 0.98425537] goal_error=14.854m
[INFO] [1790937938.452881922] [nav_trial_recorder]: Progress: t=25.4s xy=[10.71109601  4.19848683] goal_error=10.465m
[INFO] [1790937948.490897041] [nav_trial_recorder]: Progress: t=35.4s xy=[10.68076583  7.38140542] goal_error=7.539m
[INFO] [1790937958.660089142] [nav_trial_recorder]: Progress: t=45.6s xy=[6.94266581 4.09590506] goal_error=12.301m
[INFO] [1790937968.853968957] [nav_trial_recorder]: Progress: t=55.8s xy=[4.12224868 8.92747066] goal_error=11.239m
[INFO] [1790937978.853584062] [nav_trial_recorder]: Progress: t=65.8s xy=[7.66835486 9.42952313] goal_error=7.949m
[INFO] [1790937989.052755664] [nav_trial_recorder]: Progress: t=76.0s xy=[10.77148439 13.11041031] goal_error=3.473m
[INFO] [1790937999.252240810] [nav_trial_recorder]: Progress: t=86.2s xy=[14.01568995 13.63229684] goal_error=0.475m
[INFO] [1790938002.291385762] [nav_trial_recorder]: Action SUCCEEDED after 89.237 seconds.
{
  "label": "MPC with smoothed A*",
  "result": "PASS",
  "reason": "action_completed",
  "trigger": "single_topic_message_test",
  "goal_messages": 1,
  "action_status": 4,
  "start_xy": [
    0.9,
    0.9
  ],
  "goal_xy": [
    14.1,
    14.1
  ],
  "final_xy": [
    14.100861391489744,
    14.085536175961028
  ],
  "action_time_s": 89.23674467299861,
  "final_error_m": 0.014489451374325064,
  "final_speed_mps": 0.0005243822585646891,
  "sample_count": 1872,
  "odom_observed_hz": 20.0365188777922,
  "controller_mean_ms": 0.2309870011701381,
  "controller_p95_ms": 0.4309177999999997,
  "controller_max_ms": 4.186672,
  "tracking_rmse_m": 0.12238192632627673,
  "tracking_mean_m": 0.10023636568190177,
  "tracking_p95_m": 0.22872700040126795,
  "tracking_max_m": 0.29532785535524364,
  "raw_path_rmse_m": 0.11496399950521224,
  "minimum_wall_clearance_m": 0.5,
  "max_speed_mps": 1.277322745714806,
  "distance_travelled_m": 53.8569740323118,
  "notes": "Tracking error is point-to-segment distance to the FIRST global path, frozen at goal planning. Wall clearance is centre-to-occupied-pixel distance, not a simulator collision event."
}
