[INFO] [1790931610.812795683] [nav_trial_recorder]: Recorder ready. Click the fixed-goal button in RViz ONCE.
[INFO] [1790931730.164846406] [nav_trial_recorder]: Goal received: [14.1, 14.1], initial pose: [0.9 0.9]
[INFO] [1790931730.377003970] [nav_trial_recorder]: Progress: t=0.2s xy=[0.9 0.9] goal_error=18.668m
[INFO] [1790931740.391536058] [nav_trial_recorder]: Progress: t=10.2s xy=[4.61528814 2.6416352 ] goal_error=14.875m
[INFO] [1790931750.414745270] [nav_trial_recorder]: Progress: t=20.3s xy=[8.34225411 0.98886344] goal_error=14.320m
[INFO] [1790931760.566180024] [nav_trial_recorder]: Progress: t=30.4s xy=[10.69138013  4.78963326] goal_error=9.915m
[INFO] [1790931770.782761260] [nav_trial_recorder]: Progress: t=40.6s xy=[10.8589553   7.37593205] goal_error=7.464m
[INFO] [1790931780.966593410] [nav_trial_recorder]: Progress: t=50.8s xy=[8.06682108 4.11945476] goal_error=11.662m
[INFO] [1790931791.163726674] [nav_trial_recorder]: Progress: t=61.0s xy=[5.39808389 7.33140139] goal_error=11.024m
[INFO] [1790931801.164240847] [nav_trial_recorder]: Progress: t=71.0s xy=[ 5.76265897 10.92229281] goal_error=8.922m
[INFO] [1790931811.164981380] [nav_trial_recorder]: Progress: t=81.0s xy=[ 9.09968469 10.23027401] goal_error=6.323m
[INFO] [1790931821.167082149] [nav_trial_recorder]: Progress: t=91.0s xy=[11.76194866 14.15746057] goal_error=2.339m
[INFO] [1790931831.363612909] [nav_trial_recorder]: Progress: t=101.2s xy=[14.08505614 14.14930945] goal_error=0.052m
[INFO] [1790931832.171261563] [nav_trial_recorder]: Action SUCCEEDED after 102.007 seconds.
{
  "label": "SAMPLING with smoothed A*",
  "result": "PASS",
  "reason": "action_completed",
  "trigger": "rviz_click",
  "goal_messages": 1,
  "action_status": 4,
  "start_xy": [
    0.9,
    0.9
  ],
  "goal_xy": [
    14.1,
    14.1
  ],
  "final_xy": [
    14.096724925221919,
    14.104599753827483
  ],
  "action_time_s": 102.00726732200019,
  "final_error_m": 0.005646578616778992,
  "final_speed_mps": 0.0003984544540604142,
  "sample_count": 2308,
  "odom_observed_hz": 21.731808361464193,
  "controller_mean_ms": 1.0958057758386661,
  "controller_p95_ms": 1.5039225999999999,
  "controller_max_ms": 7.462517,
  "tracking_rmse_m": 0.10100806782359066,
  "tracking_mean_m": 0.08661774225961152,
  "tracking_p95_m": 0.18357386177593119,
  "tracking_max_m": 0.20662318342646024,
  "raw_path_rmse_m": 0.0970372762890018,
  "minimum_wall_clearance_m": 0.570087712549569,
  "max_speed_mps": 1.1187758189005317,
  "distance_travelled_m": 51.042080672586195,
  "notes": "Tracking error is point-to-segment distance to the FIRST global path, frozen at goal planning. Wall clearance is centre-to-occupied-pixel distance, not a simulator collision event."
}
