[INFO] [1790929392.950355765] [nav_trial_recorder]: Recorder ready. Click the fixed-goal button in RViz ONCE.
[INFO] [1790929831.879805268] [nav_trial_recorder]: Goal received: [14.1, 14.1], initial pose: [0.9 0.9]
[INFO] [1790929831.902556907] [nav_trial_recorder]: Progress: t=0.0s xy=[0.9 0.9] goal_error=18.668m
[INFO] [1790929841.902901621] [nav_trial_recorder]: Progress: t=10.0s xy=[4.10370556 2.5958305 ] goal_error=15.240m
[INFO] [1790929851.934835505] [nav_trial_recorder]: Progress: t=20.1s xy=[8.14571246 0.94548395] goal_error=14.439m
[INFO] [1790929862.101417451] [nav_trial_recorder]: Progress: t=30.2s xy=[10.63507529  4.24347615] goal_error=10.448m
[INFO] [1790929872.101582294] [nav_trial_recorder]: Progress: t=40.2s xy=[11.53200731  7.45164792] goal_error=7.127m
[INFO] [1790929882.118351026] [nav_trial_recorder]: Progress: t=50.2s xy=[8.83463768 4.46152558] goal_error=10.983m
[INFO] [1790929892.312923212] [nav_trial_recorder]: Progress: t=60.4s xy=[5.693725   6.90513417] goal_error=11.065m
[INFO] [1790929902.520731402] [nav_trial_recorder]: Progress: t=70.6s xy=[ 4.86499708 10.90230112] goal_error=9.773m
[INFO] [1790929912.702302563] [nav_trial_recorder]: Progress: t=80.8s xy=[8.81417662 9.39426492] goal_error=7.077m
[INFO] [1790929922.901438497] [nav_trial_recorder]: Progress: t=91.0s xy=[10.8340338  13.44715118] goal_error=3.331m
[INFO] [1790929933.101638668] [nav_trial_recorder]: Progress: t=101.2s xy=[13.99370203 13.05677737] goal_error=1.049m
[INFO] [1790929936.826723934] [nav_trial_recorder]: Action SUCCEEDED after 104.948 seconds.
{
  "label": "MPC with smoothed A*",
  "result": "PASS",
  "reason": "action_completed",
  "trigger": "rviz_click",
  "goal_messages": 1,
  "action_status": 4,
  "start_xy": [
    0.9,
    0.9
  ],
  "goal_xy": [
    14.1,
    14.1
  ],
  "final_xy": [
    14.11235331376217,
    14.099902799327968
  ],
  "action_time_s": 104.94822809099969,
  "final_error_m": 0.012353696162577667,
  "final_speed_mps": 0.0017695420998882583,
  "sample_count": 2188,
  "odom_observed_hz": 20.07036030844712,
  "controller_mean_ms": 0.272640964091858,
  "controller_p95_ms": 0.5584349000000002,
  "controller_max_ms": 3.86925,
  "tracking_rmse_m": 0.09412381140186356,
  "tracking_mean_m": 0.07589835174291468,
  "tracking_p95_m": 0.16815766395545984,
  "tracking_max_m": 0.23056123081690583,
  "raw_path_rmse_m": 0.08859848883139892,
  "minimum_wall_clearance_m": 0.55,
  "max_speed_mps": 1.1532407455518676,
  "distance_travelled_m": 51.93268471968345,
  "notes": "Tracking error is point-to-segment distance to the FIRST global path, frozen at goal planning. Wall clearance is centre-to-occupied-pixel distance, not a simulator collision event."
}
