[INFO] [1790932959.208585297] [nav_trial_recorder]: Recorder ready. Click the fixed-goal button in RViz ONCE.
[INFO] [1790932992.413110138] [nav_trial_recorder]: Goal received: [14.1, 14.1], initial pose: [0.9 0.9]
[INFO] [1790932992.561340348] [nav_trial_recorder]: Progress: t=0.1s xy=[0.9 0.9] goal_error=18.668m
[INFO] [1790933002.610762221] [nav_trial_recorder]: Progress: t=10.2s xy=[4.66312583 2.62112563] goal_error=14.860m
[INFO] [1790933012.791953530] [nav_trial_recorder]: Progress: t=20.4s xy=[8.76124921 1.11123944] goal_error=14.043m
[INFO] [1790933022.961393839] [nav_trial_recorder]: Progress: t=30.5s xy=[11.03668994  5.68462839] goal_error=8.956m
[INFO] [1790933032.976895886] [nav_trial_recorder]: Progress: t=40.6s xy=[10.12903899  7.41577901] goal_error=7.775m
[INFO] [1790933043.179952550] [nav_trial_recorder]: Progress: t=50.8s xy=[6.9725896  4.14941077] goal_error=12.240m
[INFO] [1790933053.360692532] [nav_trial_recorder]: Progress: t=60.9s xy=[4.25072111 7.8831112 ] goal_error=11.647m
[INFO] [1790933063.560242712] [nav_trial_recorder]: Progress: t=71.1s xy=[ 7.21032965 10.68746409] goal_error=7.688m
[INFO] [1790933073.568274685] [nav_trial_recorder]: Progress: t=81.2s xy=[ 9.13862698 12.03522556] goal_error=5.374m
[INFO] [1790933083.759687317] [nav_trial_recorder]: Progress: t=91.3s xy=[12.58772895 13.00060152] goal_error=1.870m
[INFO] [1790933091.936005106] [nav_trial_recorder]: Action SUCCEEDED after 99.523 seconds.
[INFO] [1790933093.760602532] [nav_trial_recorder]: Progress: t=101.3s xy=[14.07986195 14.09055432] goal_error=0.022m
{
  "label": "SAMPLING with smoothed A*",
  "result": "PASS",
  "reason": "action_completed",
  "trigger": "rviz_click",
  "goal_messages": 1,
  "action_status": 4,
  "start_xy": [
    0.9,
    0.9
  ],
  "goal_xy": [
    14.1,
    14.1
  ],
  "final_xy": [
    14.105812924488875,
    14.120527538152555
  ],
  "action_time_s": 99.52320513599989,
  "final_error_m": 0.021334711474917237,
  "final_speed_mps": 0.0012940865502741143,
  "sample_count": 2319,
  "odom_observed_hz": 22.393089071050337,
  "controller_mean_ms": 1.0944740368147259,
  "controller_p95_ms": 1.4602854499999993,
  "controller_max_ms": 6.903759,
  "tracking_rmse_m": 0.09878889053869086,
  "tracking_mean_m": 0.0846086136051519,
  "tracking_p95_m": 0.17111641183877765,
  "tracking_max_m": 0.23434118635120968,
  "raw_path_rmse_m": 0.09482972001040241,
  "minimum_wall_clearance_m": 0.55,
  "max_speed_mps": 1.125203505007513,
  "distance_travelled_m": 51.170707980332814,
  "notes": "Tracking error is point-to-segment distance to the FIRST global path, frozen at goal planning. Wall clearance is centre-to-occupied-pixel distance, not a simulator collision event."
}
