[INFO] [1790927349.538794125] [nav_trial_recorder]: Recorder ready. Click the fixed-goal button in RViz ONCE.
[INFO] [1790927354.489245563] [nav_trial_recorder]: Goal received: [14.1, 14.1], initial pose: [0.9 0.9]
[INFO] [1790927359.537441642] [nav_trial_recorder]: Progress: t=5.0s xy=[2.51429772 1.58213328] goal_error=17.057m
[INFO] [1790927369.717875460] [nav_trial_recorder]: Progress: t=15.2s xy=[6.58829922 0.95244322] goal_error=15.142m
[INFO] [1790927379.720032059] [nav_trial_recorder]: Progress: t=25.2s xy=[10.73563335  3.61381586] goal_error=11.013m
[INFO] [1790927389.915837987] [nav_trial_recorder]: Progress: t=35.4s xy=[11.31650966  7.41536515] goal_error=7.241m
[INFO] [1790927399.929665088] [nav_trial_recorder]: Progress: t=45.4s xy=[8.34571004 4.18319142] goal_error=11.465m
[INFO] [1790927410.113157039] [nav_trial_recorder]: Progress: t=55.6s xy=[5.37651944 7.38024816] goal_error=11.012m
[INFO] [1790927420.286869592] [nav_trial_recorder]: Progress: t=65.8s xy=[ 6.02702885 10.87920678] goal_error=8.692m
[INFO] [1790927430.287016227] [nav_trial_recorder]: Progress: t=75.8s xy=[ 9.07233253 11.05865415] goal_error=5.876m
[INFO] [1790927440.288249466] [nav_trial_recorder]: Progress: t=85.8s xy=[12.56000918 12.99949202] goal_error=1.893m
[INFO] [1790927446.695325497] [nav_trial_recorder]: Action SUCCEEDED after 92.207 seconds.
[INFO] [1790927450.487545531] [nav_trial_recorder]: Progress: t=96.0s xy=[14.09844188 14.10499129] goal_error=0.005m
{
  "label": "MPC with smoothed A*",
  "result": "PASS",
  "reason": "action_completed",
  "trigger": "single_topic_message_test",
  "goal_messages": 1,
  "action_status": 4,
  "start_xy": [
    0.9,
    0.9
  ],
  "goal_xy": [
    14.1,
    14.1
  ],
  "final_xy": [
    14.098450004904574,
    14.105003820259553
  ],
  "action_time_s": 92.20652435100055,
  "final_error_m": 0.0052383873459067795,
  "final_speed_mps": 4.455073615165207e-05,
  "sample_count": 2001,
  "odom_observed_hz": 20.764735607087097,
  "controller_mean_ms": 0.2041700624192854,
  "controller_p95_ms": 0.35714,
  "controller_max_ms": 1.338753,
  "tracking_rmse_m": 0.09439494778782685,
  "tracking_mean_m": 0.07412124231017454,
  "tracking_p95_m": 0.18542126956456484,
  "tracking_max_m": 0.23937928373837616,
  "raw_path_rmse_m": 0.08883347282067851,
  "minimum_wall_clearance_m": 0.5,
  "max_speed_mps": 1.1729046722087348,
  "distance_travelled_m": 51.886807074433996,
  "notes": "Tracking error is point-to-segment distance to the FIRST global path, frozen at goal planning. Wall clearance is centre-to-occupied-pixel distance, not a simulator collision event."
}
