[INFO] [1790937754.990414776] [nav_trial_recorder]: Recorder ready. Click the fixed-goal button in RViz ONCE.
[INFO] [1790937759.941474197] [nav_trial_recorder]: Goal received: [14.1, 14.1], initial pose: [0.9 0.9]
[INFO] [1790937764.997502040] [nav_trial_recorder]: Progress: t=5.1s xy=[2.56709563 1.75022077] goal_error=16.897m
[INFO] [1790937775.136955132] [nav_trial_recorder]: Progress: t=15.2s xy=[7.06590419 0.97092073] goal_error=14.895m
[INFO] [1790937785.373078270] [nav_trial_recorder]: Progress: t=25.4s xy=[10.69823531  4.14400025] goal_error=10.521m
[INFO] [1790937795.555261251] [nav_trial_recorder]: Progress: t=35.6s xy=[11.2300417  7.4110706] goal_error=7.279m
[INFO] [1790937805.561571058] [nav_trial_recorder]: Progress: t=45.6s xy=[8.1869342  4.18257477] goal_error=11.546m
[INFO] [1790937815.736748579] [nav_trial_recorder]: Progress: t=55.8s xy=[4.74178    7.48822693] goal_error=11.458m
[INFO] [1790937825.737180113] [nav_trial_recorder]: Progress: t=65.8s xy=[ 6.9132325  10.97808733] goal_error=7.836m
[INFO] [1790937835.953051010] [nav_trial_recorder]: Progress: t=76.0s xy=[ 9.26229898 12.21764955] goal_error=5.191m
[INFO] [1790937846.137641627] [nav_trial_recorder]: Progress: t=86.2s xy=[12.98279029 12.61305058] goal_error=1.860m
[INFO] [1790937854.052069903] [nav_trial_recorder]: Action SUCCEEDED after 94.112 seconds.
[INFO] [1790937856.138402915] [nav_trial_recorder]: Progress: t=96.2s xy=[14.09148634 14.09619585] goal_error=0.009m
{
  "label": "MPC with smoothed A*",
  "result": "PASS",
  "reason": "action_completed",
  "trigger": "single_topic_message_test",
  "goal_messages": 1,
  "action_status": 4,
  "start_xy": [
    0.9,
    0.9
  ],
  "goal_xy": [
    14.1,
    14.1
  ],
  "final_xy": [
    14.101786176397068,
    14.107353184506072
  ],
  "action_time_s": 94.11181713100086,
  "final_error_m": 0.007567017146920843,
  "final_speed_mps": 0.0004724494266038082,
  "sample_count": 2016,
  "odom_observed_hz": 20.52476228959046,
  "controller_mean_ms": 0.22407341474358974,
  "controller_p95_ms": 0.41302715000000007,
  "controller_max_ms": 1.686603,
  "tracking_rmse_m": 0.11616027868027086,
  "tracking_mean_m": 0.09214245305735165,
  "tracking_p95_m": 0.22756685040070937,
  "tracking_max_m": 0.31024886882375896,
  "raw_path_rmse_m": 0.1091727407117422,
  "minimum_wall_clearance_m": 0.45,
  "max_speed_mps": 1.2240006013627815,
  "distance_travelled_m": 53.64135454352673,
  "notes": "Tracking error is point-to-segment distance to the FIRST global path, frozen at goal planning. Wall clearance is centre-to-occupied-pixel distance, not a simulator collision event."
}
