[INFO] [1790928079.928026792] [nav_trial_recorder]: Recorder ready. Click the fixed-goal button in RViz ONCE.
[INFO] [1790928084.880571095] [nav_trial_recorder]: Goal received: [14.1, 14.1], initial pose: [0.9 0.9]
[INFO] [1790928089.973928759] [nav_trial_recorder]: Progress: t=5.1s xy=[2.24263656 1.15387599] goal_error=17.556m
[INFO] [1790928100.171909244] [nav_trial_recorder]: Progress: t=15.3s xy=[5.41720168 2.5323135 ] goal_error=14.464m
[INFO] [1790928110.287812242] [nav_trial_recorder]: Progress: t=25.4s xy=[8.84691889 1.1450372 ] goal_error=13.979m
[INFO] [1790928120.319816785] [nav_trial_recorder]: Progress: t=35.4s xy=[10.7272354  4.1919307] goal_error=10.466m
[INFO] [1790928130.514178678] [nav_trial_recorder]: Progress: t=45.6s xy=[12.17349413  7.25315957] goal_error=7.113m
[INFO] [1790928140.519843025] [nav_trial_recorder]: Progress: t=55.6s xy=[9.1567919  5.53227174] goal_error=9.891m
[INFO] [1790928150.679486967] [nav_trial_recorder]: Progress: t=65.8s xy=[6.06407652 4.34450154] goal_error=12.639m
[INFO] [1790928160.878681187] [nav_trial_recorder]: Progress: t=76.0s xy=[4.43429122 7.81522364] goal_error=11.529m
[INFO] [1790928170.879112182] [nav_trial_recorder]: Progress: t=86.0s xy=[ 5.29461149 10.85638072] goal_error=9.384m
[INFO] [1790928180.880901283] [nav_trial_recorder]: Progress: t=96.0s xy=[8.14880297 9.19250171] goal_error=7.714m
[INFO] [1790928191.097397201] [nav_trial_recorder]: Progress: t=106.2s xy=[10.17184038 12.52538917] goal_error=4.232m
[INFO] [1790928201.278845141] [nav_trial_recorder]: Progress: t=116.4s xy=[12.49331853 13.12320768] goal_error=1.880m
[INFO] [1790928208.746114562] [nav_trial_recorder]: Action SUCCEEDED after 123.866 seconds.
[INFO] [1790928211.478343516] [nav_trial_recorder]: Progress: t=126.6s xy=[14.10322395 14.0936105 ] goal_error=0.007m
{
  "label": "MPC with raw A*",
  "result": "PASS",
  "reason": "action_completed",
  "trigger": "single_topic_message_test",
  "goal_messages": 1,
  "action_status": 4,
  "start_xy": [
    0.9,
    0.9
  ],
  "goal_xy": [
    14.1,
    14.1
  ],
  "final_xy": [
    14.103256905987099,
    14.09344835572366
  ],
  "action_time_s": 123.86616242699893,
  "final_error_m": 0.007316520985583662,
  "final_speed_mps": 1.897239710061626e-05,
  "sample_count": 2567,
  "odom_observed_hz": 20.05062584896048,
  "controller_mean_ms": 0.1950201542972329,
  "controller_p95_ms": 0.31522619999999996,
  "controller_max_ms": 0.948509,
  "tracking_rmse_m": 0.06780858179303152,
  "tracking_mean_m": 0.05452006964360767,
  "tracking_p95_m": 0.13522611948431962,
  "tracking_max_m": 0.1718872996970822,
  "raw_path_rmse_m": 0.06780858179303152,
  "minimum_wall_clearance_m": 0.6000000000000001,
  "max_speed_mps": 1.0644909195536334,
  "distance_travelled_m": 52.145957065819076,
  "notes": "Tracking error is point-to-segment distance to the FIRST global path, frozen at goal planning. Wall clearance is centre-to-occupied-pixel distance, not a simulator collision event."
}
