[INFO] [1790949386.188150192] [nav_trial_recorder]: Recorder ready. Click the fixed-goal button in RViz ONCE.
[INFO] [1790949425.372931389] [nav_trial_recorder]: Goal received: [14.1, 14.1], initial pose: [0.9 0.9]
[INFO] [1790949425.536341283] [nav_trial_recorder]: Progress: t=0.2s xy=[0.9 0.9] goal_error=18.668m
[INFO] [1790949435.575310403] [nav_trial_recorder]: Progress: t=10.2s xy=[5.13885168 2.5977644 ] goal_error=14.581m
[INFO] [1790949445.579490250] [nav_trial_recorder]: Progress: t=20.2s xy=[9.01449438 1.51374003] goal_error=13.575m
[INFO] [1790949455.764564006] [nav_trial_recorder]: Progress: t=30.4s xy=[11.03501931  5.66867909] goal_error=8.971m
[INFO] [1790949465.767318137] [nav_trial_recorder]: Progress: t=40.4s xy=[9.72297955 7.34984997] goal_error=8.045m
[INFO] [1790949475.964958866] [nav_trial_recorder]: Progress: t=50.6s xy=[7.12615434 4.17018263] goal_error=12.134m
[INFO] [1790949486.143750186] [nav_trial_recorder]: Progress: t=60.8s xy=[4.4269875  7.75543399] goal_error=11.568m
[INFO] [1790949496.369975218] [nav_trial_recorder]: Progress: t=71.0s xy=[ 7.19431115 10.71507892] goal_error=7.691m
[INFO] [1790949506.536088257] [nav_trial_recorder]: Progress: t=81.2s xy=[ 9.11377922 11.53846558] goal_error=5.606m
[INFO] [1790949516.536319660] [nav_trial_recorder]: Progress: t=91.2s xy=[12.60907532 13.42341469] goal_error=1.637m
[INFO] [1790949525.209738297] [nav_trial_recorder]: Action SUCCEEDED after 99.838 seconds.
[INFO] [1790949526.536744455] [nav_trial_recorder]: Progress: t=101.2s xy=[14.07960007 14.09595599] goal_error=0.021m
{
  "label": "MPC with smoothed A*",
  "result": "PASS",
  "reason": "action_completed",
  "trigger": "rviz_click",
  "goal_messages": 1,
  "action_status": 4,
  "start_xy": [
    0.9,
    0.9
  ],
  "goal_xy": [
    14.1,
    14.1
  ],
  "final_xy": [
    14.105484374603487,
    14.09991702937876
  ],
  "action_time_s": 99.83762474000105,
  "final_error_m": 0.005485002180068972,
  "final_speed_mps": 0.000493386185498402,
  "sample_count": 2237,
  "odom_observed_hz": 21.515587099891953,
  "controller_mean_ms": 0.22477237079769247,
  "controller_p95_ms": 0.416431,
  "controller_max_ms": 2.876196,
  "tracking_rmse_m": 0.10684419866531723,
  "tracking_mean_m": 0.08414665011030698,
  "tracking_p95_m": 0.19662113657596741,
  "tracking_max_m": 0.2674067078443319,
  "raw_path_rmse_m": 0.10164358452935802,
  "minimum_wall_clearance_m": 0.55,
  "max_speed_mps": 1.1946885600476422,
  "distance_travelled_m": 51.101478063353355,
  "notes": "Tracking error is point-to-segment distance to the FIRST global path, frozen at goal planning. Wall clearance is centre-to-occupied-pixel distance, not a simulator collision event."
}
