[INFO] [1790950114.326453444] [nav_trial_recorder]: Recorder ready. Click the fixed-goal button in RViz ONCE.
[INFO] [1790950156.622212009] [nav_trial_recorder]: Goal received: [14.1, 14.1], initial pose: [0.9 0.9]
[INFO] [1790950156.679391814] [nav_trial_recorder]: Progress: t=0.1s xy=[0.9 0.9] goal_error=18.668m
[INFO] [1790950166.681233787] [nav_trial_recorder]: Progress: t=10.1s xy=[4.86381816 2.71670342] goal_error=14.659m
[INFO] [1790950176.704084702] [nav_trial_recorder]: Progress: t=20.1s xy=[8.92853502 1.39927689] goal_error=13.713m
[INFO] [1790950186.901314782] [nav_trial_recorder]: Progress: t=30.3s xy=[10.91348184  5.62524917] goal_error=9.054m
[INFO] [1790950197.084281778] [nav_trial_recorder]: Progress: t=40.5s xy=[9.66717828 7.32657922] goal_error=8.095m
[INFO] [1790950207.086351878] [nav_trial_recorder]: Progress: t=50.5s xy=[6.44823392 4.19116793] goal_error=12.519m
[INFO] [1790950217.291195762] [nav_trial_recorder]: Progress: t=60.7s xy=[4.10581944 8.89224249] goal_error=11.270m
[INFO] [1790950227.477913545] [nav_trial_recorder]: Progress: t=70.9s xy=[7.68685972 9.87991413] goal_error=7.677m
[INFO] [1790950237.479828802] [nav_trial_recorder]: Progress: t=80.9s xy=[ 9.76962697 12.51641558] goal_error=4.611m
[INFO] [1790950247.680565354] [nav_trial_recorder]: Progress: t=91.1s xy=[13.33380929 12.55831418] goal_error=1.722m
[INFO] [1790950253.861283593] [nav_trial_recorder]: Action SUCCEEDED after 97.240 seconds.
[INFO] [1790950257.879451381] [nav_trial_recorder]: Progress: t=101.3s xy=[14.09921711 14.10786856] goal_error=0.008m
{
  "label": "SAMPLING with smoothed A*",
  "result": "PASS",
  "reason": "action_completed",
  "trigger": "rviz_click",
  "goal_messages": 1,
  "action_status": 4,
  "start_xy": [
    0.9,
    0.9
  ],
  "goal_xy": [
    14.1,
    14.1
  ],
  "final_xy": [
    14.099217112507965,
    14.107868560776982
  ],
  "action_time_s": 97.23977965900121,
  "final_error_m": 0.007907411809577769,
  "final_speed_mps": 0.00037177630351108013,
  "sample_count": 2287,
  "odom_observed_hz": 22.581716206169496,
  "controller_mean_ms": 1.0969565606305578,
  "controller_p95_ms": 1.4812311499999997,
  "controller_max_ms": 2.819566,
  "tracking_rmse_m": 0.12465667937699662,
  "tracking_mean_m": 0.10019779467246812,
  "tracking_p95_m": 0.22773458093241256,
  "tracking_max_m": 0.27424392231386563,
  "raw_path_rmse_m": 0.1198861233176325,
  "minimum_wall_clearance_m": 0.55,
  "max_speed_mps": 1.2050395820385056,
  "distance_travelled_m": 50.76116638455464,
  "notes": "Tracking error is point-to-segment distance to the FIRST global path, frozen at goal planning. Wall clearance is centre-to-occupied-pixel distance, not a simulator collision event."
}
